
HP@HP-▒▒ MINGW64 /
$ pwd
/

HP@HP-▒▒ MINGW64 /
$ cd Desktop
bash: cd: Desktop: No such file or directory

HP@HP-▒▒ MINGW64 /
$ cd c

HP@HP-▒▒ MINGW64 /c
$ mkdir lab.2

HP@HP-▒▒ MINGW64 /c
$ cd lab.2

HP@HP-▒▒ MINGW64 /c/lab.2
$ git config --global user.name Adam Arselgov

HP@HP-▒▒ MINGW64 /c/lab.2
$ git config --global user.email adam2609@mail.ru

HP@HP-▒▒ MINGW64 /c/lab.2
$ git config --list
diff.astextplain.textconv=astextplain
filter.lfs.clean=git-lfs clean -- %f
filter.lfs.smudge=git-lfs smudge -- %f
filter.lfs.process=git-lfs filter-process
filter.lfs.required=true
http.sslbackend=openssl
http.sslcainfo=C:/Program Files/Git/mingw64/etc/ssl/certs/ca-bundle.crt
core.autocrlf=true
core.fscache=true
core.symlinks=false
pull.rebase=false
init.defaultbranch=master
user.name=Adam
user.email=adam2609@mail.ru

HP@HP-▒▒ MINGW64 /c/lab.2
$ git config --user.name "Adam Arselgov"
error: unknown option `user.name'
usage: git config [<options>]

Config file location
    --global              use global config file
    --system              use system config file
    --local               use repository config file
    --worktree            use per-worktree config file
    -f, --file <file>     use given config file
    --blob <blob-id>      read config from given blob object

Action
    --get                 get value: name [value-pattern]
    --get-all             get all values: key [value-pattern]
    --get-regexp          get values for regexp: name-regex [value-pattern]
    --get-urlmatch        get value specific for the URL: section[.var] URL
    --replace-all         replace all matching variables: name value [value-pattern]
    --add                 add a new variable: name value
    --unset               remove a variable: name [value-pattern]
    --unset-all           remove all matches: name [value-pattern]
    --rename-section      rename section: old-name new-name
    --remove-section      remove a section: name
    -l, --list            list all
    --fixed-value         use string equality when comparing values to 'value-pattern'
    -e, --edit            open an editor
    --get-color           find the color configured: slot [default]
    --get-colorbool       find the color setting: slot [stdout-is-tty]

Type
    -t, --type <type>     value is given this type
    --bool                value is "true" or "false"
    --int                 value is decimal number
    --bool-or-int         value is --bool or --int
    --bool-or-str         value is --bool or string
    --path                value is a path (file or directory name)
    --expiry-date         value is an expiry date

Other
    -z, --null            terminate values with NUL byte
    --name-only           show variable names only
    --includes            respect include directives on lookup
    --show-origin         show origin of config (file, standard input, blob, command line)
    --show-scope          show scope of config (worktree, local, global, system, command)
    --default <value>     with --get, use default value when missing entry


HP@HP-▒▒ MINGW64 /c/lab.2
$ git config --list
diff.astextplain.textconv=astextplain
filter.lfs.clean=git-lfs clean -- %f
filter.lfs.smudge=git-lfs smudge -- %f
filter.lfs.process=git-lfs filter-process
filter.lfs.required=true
http.sslbackend=openssl
http.sslcainfo=C:/Program Files/Git/mingw64/etc/ssl/certs/ca-bundle.crt
core.autocrlf=true
core.fscache=true
core.symlinks=false
pull.rebase=false
init.defaultbranch=master
user.name=Adam
user.email=adam2609@mail.ru

HP@HP-▒▒ MINGW64 /c/lab.2
$ git init
Initialized empty Git repository in C:/lab.2/.git/

HP@HP-▒▒ MINGW64 /c/lab.2 (master)
$ git status
On branch master

No commits yet

nothing to commit (create/copy files and use "git add" to track)

HP@HP-▒▒ MINGW64 /c/lab.2 (master)
$ git add
Nothing specified, nothing added.
hint: Maybe you wanted to say 'git add .'?
hint: Turn this message off by running
hint: "git config advice.addEmptyPathspec false"

HP@HP-▒▒ MINGW64 /c/lab.2 (master)
$ git add .

HP@HP-▒▒ MINGW64 /c/lab.2 (master)
$ git commit -m "Лабораторная работа 2"
On branch master

Initial commit

nothing to commit (create/copy files and use "git add" to track)

HP@HP-▒▒ MINGW64 /c/lab.2 (master)
$ git log -p
fatal: your current branch 'master' does not have any commits yet

HP@HP-▒▒ MINGW64 /c/lab.2 (master)
$ mkdir llll

HP@HP-▒▒ MINGW64 /c/lab.2 (master)
$ cd llll

HP@HP-▒▒ MINGW64 /c/lab.2/llll (master)
$ mkdir oooo

HP@HP-▒▒ MINGW64 /c/lab.2/llll (master)
$ cd oooo

HP@HP-▒▒ MINGW64 /c/lab.2/llll/oooo (master)
$ cd ..

HP@HP-▒▒ MINGW64 /c/lab.2/llll (master)
$ cd oooo

HP@HP-▒▒ MINGW64 /c/lab.2/llll/oooo (master)
$ cd ../..

HP@HP-▒▒ MINGW64 /c/lab.2 (master)
$ touch file1.txt

HP@HP-▒▒ MINGW64 /c/lab.2 (master)
$ ls
file1.txt  llll/

HP@HP-▒▒ MINGW64 /c/lab.2 (master)
$ touch file2.txt

HP@HP-▒▒ MINGW64 /c/lab.2 (master)
$ ls
file1.txt  file2.txt  llll/

HP@HP-▒▒ MINGW64 /c/lab.2 (master)
$ ls -a
./  ../  .git/  file1.txt  file2.txt  llll/

HP@HP-▒▒ MINGW64 /c/lab.2 (master)
$ ls -la
total 16
drwxr-xr-x 1 HP 197121 0 Sep 16 14:52 ./
drwxr-xr-x 1 HP 197121 0 Sep 16 14:44 ../
drwxr-xr-x 1 HP 197121 0 Sep 16 14:48 .git/
-rw-r--r-- 1 HP 197121 0 Sep 16 14:51 file1.txt
-rw-r--r-- 1 HP 197121 0 Sep 16 14:52 file2.txt
drwxr-xr-x 1 HP 197121 0 Sep 16 14:51 llll/

HP@HP-▒▒ MINGW64 /c/lab.2 (master)
$ ls -l
total 0
-rw-r--r-- 1 HP 197121 0 Sep 16 14:51 file1.txt
-rw-r--r-- 1 HP 197121 0 Sep 16 14:52 file2.txt
drwxr-xr-x 1 HP 197121 0 Sep 16 14:51 llll/

HP@HP-▒▒ MINGW64 /c/lab.2 (master)
$ rm 0000
rm: cannot remove '0000': No such file or directory

HP@HP-▒▒ MINGW64 /c/lab.2 (master)
$ rm oooo
rm: cannot remove 'oooo': No such file or directory

HP@HP-▒▒ MINGW64 /c/lab.2 (master)
$ cd oooo
bash: cd: oooo: No such file or directory

HP@HP-▒▒ MINGW64 /c/lab.2 (master)
$ cd llll

HP@HP-▒▒ MINGW64 /c/lab.2/llll (master)
$ cd oooo

HP@HP-▒▒ MINGW64 /c/lab.2/llll/oooo (master)
$ rm oooo
rm: cannot remove 'oooo': No such file or directory

HP@HP-▒▒ MINGW64 /c/lab.2/llll/oooo (master)
$ rm -r
rm: missing operand
Try 'rm --help' for more information.

HP@HP-▒▒ MINGW64 /c/lab.2/llll/oooo (master)
$ rm -r oooo
rm: cannot remove 'oooo': No such file or directory

HP@HP-▒▒ MINGW64 /c/lab.2/llll/oooo (master)
$ touch file3.txt

HP@HP-▒▒ MINGW64 /c/lab.2/llll/oooo (master)
$ rm -r oooo
rm: cannot remove 'oooo': No such file or directory

HP@HP-▒▒ MINGW64 /c/lab.2/llll/oooo (master)
$ echo "jhfrjff" > file1.txt

HP@HP-▒▒ MINGW64 /c/lab.2/llll/oooo (master)
$ cd ../..

HP@HP-▒▒ MINGW64 /c/lab.2 (master)
$ ls
file1.txt  file2.txt  llll/

HP@HP-▒▒ MINGW64 /c/lab.2 (master)
$ ls -la
total 16
drwxr-xr-x 1 HP 197121 0 Sep 16 14:52 ./
drwxr-xr-x 1 HP 197121 0 Sep 16 14:44 ../
drwxr-xr-x 1 HP 197121 0 Sep 16 14:48 .git/
-rw-r--r-- 1 HP 197121 0 Sep 16 14:51 file1.txt
-rw-r--r-- 1 HP 197121 0 Sep 16 14:52 file2.txt
drwxr-xr-x 1 HP 197121 0 Sep 16 14:51 llll/

HP@HP-▒▒ MINGW64 /c/lab.2 (master)
$ ls -l
total 0
-rw-r--r-- 1 HP 197121 0 Sep 16 14:51 file1.txt
-rw-r--r-- 1 HP 197121 0 Sep 16 14:52 file2.txt
drwxr-xr-x 1 HP 197121 0 Sep 16 14:51 llll/

HP@HP-▒▒ MINGW64 /c/lab.2 (master)
$ cat file1.txt

HP@HP-▒▒ MINGW64 /c/lab.2 (master)
$ pwd
/c/lab.2

HP@HP-▒▒ MINGW64 /c/lab.2 (master)
$
